#-----------------------------------------------------------
# Vivado v2017.1 (64-bit)
# SW Build 1846317 on Fri Apr 14 18:55:03 MDT 2017
# IP Build 1846188 on Fri Apr 14 20:52:08 MDT 2017
# Start of session at: Fri Dec  1 09:38:41 2017
# Process ID: 1144
# Current directory: E:/project_fz
# Command line: vivado.exe -gui_launcher_event rodinguilauncherevent9500 E:\project_fz\project_fz.xpr
# Log file: E:/project_fz/vivado.log
# Journal file: E:/project_fz\vivado.jou
#-----------------------------------------------------------
start_gui
open_project E:/project_fz/project_fz.xpr
update_compile_order -fileset sources_1
reset_run synth_1
launch_runs impl_1 -to_step write_bitstream -jobs 2
wait_on_run impl_1
reset_run synth_1
launch_runs impl_1 -to_step write_bitstream -jobs 2
wait_on_run impl_1
reset_run synth_1
launch_runs impl_1 -to_step write_bitstream -jobs 2
wait_on_run impl_1
reset_run synth_1
launch_runs impl_1 -to_step write_bitstream -jobs 2
wait_on_run impl_1
reset_run synth_1
launch_runs impl_1 -to_step write_bitstream -jobs 2
wait_on_run impl_1
