#-----------------------------------------------------------
# Vivado v2017.1 (64-bit)
# SW Build 1846317 on Fri Apr 14 18:55:03 MDT 2017
# IP Build 1846188 on Fri Apr 14 20:52:08 MDT 2017
# Start of session at: Mon Dec  4 18:47:45 2017
# Process ID: 4516
# Current directory: E:/GitHub/ENV/Project_Computer/Computer
# Command line: vivado.exe -gui_launcher_event rodinguilauncherevent1712 E:\GitHub\ENV\Project_Computer\Computer\Computer.xpr
# Log file: E:/GitHub/ENV/Project_Computer/Computer/vivado.log
# Journal file: E:/GitHub/ENV/Project_Computer/Computer\vivado.jou
#-----------------------------------------------------------
start_gui
open_project E:/GitHub/ENV/Project_Computer/Computer/Computer.xpr
remove_files  E:/GitHub/ENV/Project_Computer/Computer/Computer.srcs/sources_1/new/VGA_play.vhd
file delete -force E:/GitHub/ENV/Project_Computer/Computer/Computer.srcs/sources_1/new/VGA_play.vhd
remove_files  -fileset char_mem E:/GitHub/ENV/Project_Computer/Computer/Computer.srcs/sources_1/ip/char_mem/char_mem.xci
file delete -force E:/GitHub/ENV/Project_Computer/Computer/Computer.srcs/sources_1/ip/char_mem
file delete -force E:/GitHub/ENV/Project_Computer/Computer/Computer.ip_user_files/ip/char_mem E:/GitHub/ENV/Project_Computer/Computer/Computer.ip_user_files/sim_scripts/char_mem
remove_files  -fileset fifo_mem E:/GitHub/ENV/Project_Computer/Computer/Computer.srcs/sources_1/ip/fifo_mem/fifo_mem.xci
file delete -force E:/GitHub/ENV/Project_Computer/Computer/Computer.srcs/sources_1/ip/fifo_mem
file delete -force E:/GitHub/ENV/Project_Computer/Computer/Computer.ip_user_files/ip/fifo_mem E:/GitHub/ENV/Project_Computer/Computer/Computer.ip_user_files/sim_scripts/fifo_mem
