Copyright 1986-2017 Xilinx, Inc. All Rights Reserved.
-------------------------------------------------------------------------------------
| Tool Version : Vivado v.2017.1 (win64) Build 1846317 Fri Apr 14 18:55:03 MDT 2017
| Date         : Sat Dec  2 03:33:04 2017
| Host         : samsung running 64-bit major release  (build 9200)
| Command      : report_control_sets -verbose -file Computer_control_sets_placed.rpt
| Design       : Computer
| Device       : xc7a100t
-------------------------------------------------------------------------------------

Control Set Information

Table of Contents
-----------------
1. Summary
2. Flip-Flop Distribution
3. Detailed Control Set Information

1. Summary
----------

+----------------------------------------------------------+-------+
|                          Status                          | Count |
+----------------------------------------------------------+-------+
| Number of unique control sets                            |    14 |
| Unused register locations in slices containing registers |    37 |
+----------------------------------------------------------+-------+


2. Flip-Flop Distribution
-------------------------

+--------------+-----------------------+------------------------+-----------------+--------------+
| Clock Enable | Synchronous Set/Reset | Asynchronous Set/Reset | Total Registers | Total Slices |
+--------------+-----------------------+------------------------+-----------------+--------------+
| No           | No                    | No                     |              17 |            8 |
| No           | No                    | Yes                    |             167 |           53 |
| No           | Yes                   | No                     |               1 |            1 |
| Yes          | No                    | No                     |              26 |           10 |
| Yes          | No                    | Yes                    |             128 |           31 |
| Yes          | Yes                   | No                     |               0 |            0 |
+--------------+-----------------------+------------------------+-----------------+--------------+


3. Detailed Control Set Information
-----------------------------------

+-----------------------+-------------------------------------------+----------------------+------------------+----------------+
|      Clock Signal     |               Enable Signal               |   Set/Reset Signal   | Slice Load Count | Bel Load Count |
+-----------------------+-------------------------------------------+----------------------+------------------+----------------+
|  clk_BUFG             |                                           |                      |                1 |              1 |
|  clk_BUFG             |                                           | u17/flash_ce_i_1_n_0 |                1 |              1 |
|  u18/count[1]_i_2_n_0 |                                           | rst_IBUF             |                1 |              4 |
|  clk_BUFG             |                                           | rst_IBUF             |                3 |              7 |
|  clk_BUFG             | local_exe_mem/ram1_data_retimed_reg[0][0] |                      |                4 |              9 |
|  clk_BUFG             | local_exe_mem/ram2_addr_reg[0][0]         | rst_IBUF             |                3 |             16 |
|  clk_BUFG             | local_exe_mem/dataOut_reg[15][0]          | rst_IBUF             |                3 |             16 |
| ~clk_3_BUFG           | local_mem_wb/s0_reg[0][0]                 | rst_IBUF             |                4 |             16 |
|  u18/clk__0           | local_exe/E[0]                            | rst_IBUF             |                4 |             16 |
|  local_id/E[0]        |                                           |                      |                7 |             16 |
|  clk_BUFG             | local_exe_mem/E[0]                        |                      |                6 |             17 |
|  clk_BUFG             | u17/insOut[15]_i_1_n_0                    | rst_IBUF             |                7 |             32 |
|  clk_3_BUFG           | local_exe/E[0]                            | local_exe/AR[0]      |               10 |             32 |
|  clk_3_BUFG           |                                           | rst_IBUF             |               49 |            156 |
+-----------------------+-------------------------------------------+----------------------+------------------+----------------+


+--------+-----------------------+
| Fanout | Number of ControlSets |
+--------+-----------------------+
| 1      |                     2 |
| 4      |                     1 |
| 7      |                     1 |
| 9      |                     1 |
| 16+    |                     9 |
+--------+-----------------------+


